// Jest Snapshot v1, https://goo.gl/fbAQLP

exports[`PlayerCard component should render snapshot 1`] = `
<div
  className="row p-2 player-card"
>
  <div
    className="p-0 w-25"
  >
    <img
      alt=""
      className="rounded-circle player-img"
      src="unkown-profile-pic.jpg"
    />
  </div>
</div>
`;
